
Allocating common symbols
Common symbol       size              file

pid_pool            0x28              build/thread.o
argv                0x40              build/shell.o
kbd_buf             0x82c             build/keyboard.o
root_dir            0x208             build/dir.o
thread_ready_list   0x10              build/thread.o
thread_all_list     0x10              build/thread.o
user_pool           0x2c              build/memory.o
channel_cnt         0x1               build/ide.o
cur_part            0x4               build/fs.o
final_path          0x200             build/shell.o
k_block_descs       0xa8              build/memory.o
idle_thread         0x4               build/thread.o
intr_name           0x204             build/interrupt.o
main_thread         0x4               build/thread.o
channels            0xcc0             build/ide.o
ticks               0x4               build/timer.o
kernel_vaddr        0xc               build/memory.o
syscall_table       0x80              build/syscall-init.o
idt_table           0x204             build/interrupt.o
file_table          0x180             build/file.o
partition_list      0x10              build/ide.o
kernel_pool         0x2c              build/memory.o

Discarded input sections

 .note.GNU-stack
                0x0000000000000000        0x0 build/main.o
 .note.GNU-stack
                0x0000000000000000        0x0 build/init.o
 .note.GNU-stack
                0x0000000000000000        0x0 build/interrupt.o
 .note.GNU-stack
                0x0000000000000000        0x0 build/timer.o
 .note.GNU-stack
                0x0000000000000000        0x0 build/debug.o
 .note.GNU-stack
                0x0000000000000000        0x0 build/memory.o
 .note.GNU-stack
                0x0000000000000000        0x0 build/bitmap.o
 .note.GNU-stack
                0x0000000000000000        0x0 build/string.o
 .note.GNU-stack
                0x0000000000000000        0x0 build/thread.o
 .note.GNU-stack
                0x0000000000000000        0x0 build/list.o
 .note.GNU-stack
                0x0000000000000000        0x0 build/console.o
 .note.GNU-stack
                0x0000000000000000        0x0 build/sync.o
 .note.GNU-stack
                0x0000000000000000        0x0 build/keyboard.o
 .note.GNU-stack
                0x0000000000000000        0x0 build/ioqueue.o
 .note.GNU-stack
                0x0000000000000000        0x0 build/tss.o
 .note.GNU-stack
                0x0000000000000000        0x0 build/process.o
 .note.GNU-stack
                0x0000000000000000        0x0 build/syscall.o
 .note.GNU-stack
                0x0000000000000000        0x0 build/syscall-init.o
 .note.GNU-stack
                0x0000000000000000        0x0 build/stdio.o
 .note.GNU-stack
                0x0000000000000000        0x0 build/ide.o
 .note.GNU-stack
                0x0000000000000000        0x0 build/stdio-kernel.o
 .note.GNU-stack
                0x0000000000000000        0x0 build/fs.o
 .note.GNU-stack
                0x0000000000000000        0x0 build/inode.o
 .note.GNU-stack
                0x0000000000000000        0x0 build/file.o
 .note.GNU-stack
                0x0000000000000000        0x0 build/dir.o
 .note.GNU-stack
                0x0000000000000000        0x0 build/fork.o
 .note.GNU-stack
                0x0000000000000000        0x0 build/shell.o
 .note.GNU-stack
                0x0000000000000000        0x0 build/assert.o
 .note.GNU-stack
                0x0000000000000000        0x0 build/buildin_cmd.o
 .note.GNU-stack
                0x0000000000000000        0x0 build/exec.o
 .note.GNU-stack
                0x0000000000000000        0x0 build/wait_exit.o
 .note.GNU-stack
                0x0000000000000000        0x0 build/pipe.o

Memory Configuration

Name             Origin             Length             Attributes
*default*        0x0000000000000000 0xffffffffffffffff

Linker script and memory map

Address of section .text set to 0xc0001500
LOAD build/main.o
LOAD build/init.o
LOAD build/interrupt.o
LOAD build/timer.o
LOAD build/kernel.o
LOAD build/print.o
LOAD build/debug.o
LOAD build/memory.o
LOAD build/bitmap.o
LOAD build/string.o
LOAD build/thread.o
LOAD build/list.o
LOAD build/switch.o
LOAD build/console.o
LOAD build/sync.o
LOAD build/keyboard.o
LOAD build/ioqueue.o
LOAD build/tss.o
LOAD build/process.o
LOAD build/syscall.o
LOAD build/syscall-init.o
LOAD build/stdio.o
LOAD build/ide.o
LOAD build/stdio-kernel.o
LOAD build/fs.o
LOAD build/inode.o
LOAD build/file.o
LOAD build/dir.o
LOAD build/fork.o
LOAD build/shell.o
LOAD build/assert.o
LOAD build/buildin_cmd.o
LOAD build/exec.o
LOAD build/wait_exit.o
LOAD build/pipe.o
                [!provide]                        PROVIDE (__executable_start = SEGMENT_START ("text-segment", 0x8048000))
                0x00000000080480d4                . = (SEGMENT_START ("text-segment", 0x8048000) + SIZEOF_HEADERS)

.interp
 *(.interp)

.note.gnu.build-id
 *(.note.gnu.build-id)

.hash
 *(.hash)

.gnu.hash
 *(.gnu.hash)

.dynsym
 *(.dynsym)

.dynstr
 *(.dynstr)

.gnu.version
 *(.gnu.version)

.gnu.version_d
 *(.gnu.version_d)

.gnu.version_r
 *(.gnu.version_r)

.rel.dyn        0x00000000080480d4        0x0
 *(.rel.init)
 *(.rel.text .rel.text.* .rel.gnu.linkonce.t.*)
 .rel.text      0x00000000080480d4        0x0 build/main.o
 *(.rel.fini)
 *(.rel.rodata .rel.rodata.* .rel.gnu.linkonce.r.*)
 *(.rel.data.rel.ro .rel.data.rel.ro.* .rel.gnu.linkonce.d.rel.ro.*)
 *(.rel.data .rel.data.* .rel.gnu.linkonce.d.*)
 *(.rel.tdata .rel.tdata.* .rel.gnu.linkonce.td.*)
 *(.rel.tbss .rel.tbss.* .rel.gnu.linkonce.tb.*)
 *(.rel.ctors)
 *(.rel.dtors)
 *(.rel.got)
 .rel.got       0x00000000080480d4        0x0 build/main.o
 *(.rel.bss .rel.bss.* .rel.gnu.linkonce.b.*)
 *(.rel.ifunc)

.rel.plt        0x00000000080480d4        0x0
 *(.rel.plt)
                [!provide]                        PROVIDE (__rel_iplt_start = .)
 *(.rel.iplt)
 .rel.iplt      0x00000000080480d4        0x0 build/main.o
                [!provide]                        PROVIDE (__rel_iplt_end = .)
                0x0000000008049000                . = ALIGN (CONSTANT (MAXPAGESIZE))

.init
 *(SORT_NONE(.init))

.plt            0x0000000008049000        0x0
 *(.plt)
 *(.iplt)
 .iplt          0x0000000008049000        0x0 build/main.o

.plt.got
 *(.plt.got)

.plt.sec
 *(.plt.sec)

.text           0x00000000c0001500     0xc7c2
 *(.text.unlikely .text.*_unlikely .text.unlikely.*)
 *(.text.exit .text.exit.*)
 *(.text.startup .text.startup.*)
 *(.text.hot .text.hot.*)
 *(SORT_BY_NAME(.text.sorted.*))
 *(.text .stub .text.* .gnu.linkonce.t.*)
 .text          0x00000000c0001500      0x154 build/main.o
                0x00000000c0001500                main
                0x00000000c00015e9                init
 .text          0x00000000c0001654       0x4b build/init.o
                0x00000000c0001654                init_all
 .text          0x00000000c000169f      0x47e build/interrupt.o
                0x00000000c0001a10                register_handler
                0x00000000c0001a2c                intr_enable
                0x00000000c0001a55                intr_disable
                0x00000000c0001a7e                intr_set_status
                0x00000000c0001a9c                intr_get_status
                0x00000000c0001abf                idt_init
 .text          0x00000000c0001b1d      0x214 build/timer.o
                0x00000000c0001c79                mtime_sleep
                0x00000000c0001cd1                timer_init
 *fill*         0x00000000c0001d31        0xf 
 .text          0x00000000c0001d40      0x55b build/kernel.o
                0x00000000c0001d40                intr_exit
                0x00000000c0002277                syscall_handler
 *fill*         0x00000000c000229b        0x5 
 .text          0x00000000c00022a0      0x1b1 build/print.o
                0x00000000c00022a0                put_str
                0x00000000c00022be                put_char
                0x00000000c000238b                cls_screen
                0x00000000c00023ca                put_int
                0x00000000c000242d                set_cursor
 .text          0x00000000c0002451       0xa5 build/debug.o
                0x00000000c0002451                panic_spin
 .text          0x00000000c00024f6     0x1201 build/memory.o
                0x00000000c000261c                pte_ptr
                0x00000000c000264d                pde_ptr
                0x00000000c00027fd                malloc_page
                0x00000000c00028c7                get_kernel_pages
                0x00000000c0002923                get_user_pages
                0x00000000c000297f                get_a_page
                0x00000000c0002b09                get_a_page_without_opvaddrbitmap
                0x00000000c0002b84                addr_v2p
                0x00000000c0002d76                block_desc_init
                0x00000000c0002df3                free_a_phy_page
                0x00000000c0002e86                sys_malloc
                0x00000000c0003196                pfree
                0x00000000c00032e0                mfree_page
                0x00000000c00034b5                sys_free
                0x00000000c00036b6                mem_init
 .text          0x00000000c00036f7      0x270 build/bitmap.o
                0x00000000c00036f7                bitmap_init
                0x00000000c000371e                bitmap_scan_test
                0x00000000c0003760                bitmap_scan
                0x00000000c00038ae                bitmap_set
 .text          0x00000000c0003967      0x454 build/string.o
                0x00000000c0003967                memset
                0x00000000c00039c3                memcpy
                0x00000000c0003a2b                memcmp
                0x00000000c0003ac1                strcpy
                0x00000000c0003b24                strlen
                0x00000000c0003b7e                strcmp
                0x00000000c0003c05                strchr
                0x00000000c0003c6b                strrchr
                0x00000000c0003cd4                strcat
                0x00000000c0003d4e                strchrs
 .text          0x00000000c0003dbb      0xcec build/thread.o
                0x00000000c0003dd1                running_thread
                0x00000000c0003e99                release_pid
                0x00000000c0003f17                pid2thread
                0x00000000c0003f56                fork_pid
                0x00000000c0003f63                thread_create
                0x00000000c0003fd9                init_thread
                0x00000000c00040e5                thread_start
                0x00000000c0004260                schedule
                0x00000000c00043b0                thread_block
                0x00000000c0004417                thread_unblock
                0x00000000c0004522                thread_yield
                0x00000000c0004902                sys_ps
                0x00000000c000494f                thread_exit
                0x00000000c0004a28                thread_init
 .text          0x00000000c0004aa7      0x1e4 build/list.o
                0x00000000c0004aa7                list_init
                0x00000000c0004ad4                list_insert_before
                0x00000000c0004b15                list_push
                0x00000000c0004b32                list_append
                0x00000000c0004b4f                list_remove
                0x00000000c0004b85                list_pop
                0x00000000c0004ba4                elem_find
                0x00000000c0004bdf                list_traversal
                0x00000000c0004c3d                list_len
                0x00000000c0004c72                list_empty
 *fill*         0x00000000c0004c8b        0x5 
 .text          0x00000000c0004c90       0x15 build/switch.o
                0x00000000c0004c90                switch_to
 .text          0x00000000c0004ca5       0x9a build/console.o
                0x00000000c0004ca5                console_init
                0x00000000c0004cb9                console_acquire
                0x00000000c0004ccd                console_release
                0x00000000c0004ce1                console_put_str
                0x00000000c0004cfe                console_put_char
                0x00000000c0004d22                console_put_int
 .text          0x00000000c0004d3f      0x347 build/sync.o
                0x00000000c0004d3f                sema_init
                0x00000000c0004d64                lock_init
                0x00000000c0004d95                sema_down
                0x00000000c0004ea9                sema_up
                0x00000000c0004f5f                lock_acquire
                0x00000000c0004fdb                lock_release
 .text          0x00000000c0005086      0x2ec build/keyboard.o
                0x00000000c0005332                keyboard_init
 .text          0x00000000c0005372      0x37e build/ioqueue.o
                0x00000000c0005372                ioqueue_init
                0x00000000c00053d9                ioq_full
                0x00000000c000551b                ioq_getchar
                0x00000000c00055d2                ioq_putchar
                0x00000000c000568b                ioq_length
 .text          0x00000000c00056f0      0x1a9 build/tss.o
                0x00000000c00056f0                update_tss_esp
                0x00000000c000576b                tss_init
 .text          0x00000000c0005899      0x367 build/process.o
                0x00000000c0005899                start_process
                0x00000000c000599f                page_dir_activate
                0x00000000c00059cf                process_activate
                0x00000000c0005a21                create_page_dir
                0x00000000c0005a92                create_user_vaddr_bitmap
                0x00000000c0005ad6                process_execute
 .text          0x00000000c0005c00      0x34a build/syscall.o
                0x00000000c0005c00                getpid
                0x00000000c0005c15                write
                0x00000000c0005c38                malloc
                0x00000000c0005c57                free
                0x00000000c0005c73                fork
                0x00000000c0005c88                read
                0x00000000c0005cab                putchar
                0x00000000c0005cce                clear
                0x00000000c0005ce0                getcwd
                0x00000000c0005d02                open
                0x00000000c0005d2b                close
                0x00000000c0005d4a                lseek
                0x00000000c0005d74                unlink
                0x00000000c0005d93                mkdir
                0x00000000c0005db2                opendir
                0x00000000c0005dd1                closedir
                0x00000000c0005df0                rmdir
                0x00000000c0005e0f                readdir
                0x00000000c0005e2e                rewinddir
                0x00000000c0005e4a                stat
                0x00000000c0005e6c                chdir
                0x00000000c0005e8b                ps
                0x00000000c0005e9d                execv
                0x00000000c0005ebf                exit
                0x00000000c0005edb                wait
                0x00000000c0005efa                pipe
                0x00000000c0005f19                fd_redirect
                0x00000000c0005f38                help
 .text          0x00000000c0005f4a      0x14a build/syscall-init.o
                0x00000000c0005f4a                sys_getpid
                0x00000000c0005f5c                syscall_init
 .text          0x00000000c0006094      0x2ba build/stdio.o
                0x00000000c000611a                vsprintf
                0x00000000c000629e                sprintf
                0x00000000c00062d2                printf
 .text          0x00000000c000634e      0xdbb build/ide.o
                0x00000000c000666a                ide_read
                0x00000000c00067d8                ide_write
                0x00000000c0006946                intr_hd_handler
                0x00000000c0006f0b                ide_init
 .text          0x00000000c0007109       0x62 build/stdio-kernel.o
                0x00000000c0007109                printk
 .text          0x00000000c000716b     0x22de build/fs.o
                0x00000000c000786e                path_parse
                0x00000000c00078cb                path_depth_cnt
                0x00000000c0007bf3                sys_open
                0x00000000c0007e49                fd_local2global
                0x00000000c0007e9c                sys_close
                0x00000000c0007f88                sys_write
                0x00000000c00080cc                sys_read
                0x00000000c0008213                sys_lseek
                0x00000000c0008307                sys_unlink
                0x00000000c0008528                sys_mkdir
                0x00000000c0008947                sys_opendir
                0x00000000c0008a62                sys_closedir
                0x00000000c0008a8c                sys_readdir
                0x00000000c0008ac9                sys_rewinddir
                0x00000000c0008ad8                sys_rmdir
                0x00000000c0008e82                sys_getcwd
                0x00000000c000906f                sys_chdir
                0x00000000c00090fd                sys_stat
                0x00000000c0009224                sys_putchar
                0x00000000c0009241                sys_help
                0x00000000c0009255                filesys_init
 .text          0x00000000c0009449      0x80d build/inode.o
                0x00000000c00094ed                inode_sync
                0x00000000c000965e                inode_open
                0x00000000c00097b7                inode_close
                0x00000000c0009828                inode_delete
                0x00000000c000998a                inode_release
                0x00000000c0009c07                inode_init
 .text          0x00000000c0009c56     0x11a0 build/file.o
                0x00000000c0009c56                get_free_slot_in_global
                0x00000000c0009ca6                pcb_fd_install
                0x00000000c0009d09                inode_bitmap_alloc
                0x00000000c0009d57                block_bitmap_alloc
                0x00000000c0009db1                bitmap_sync
                0x00000000c0009e3c                file_create
                0x00000000c000a10b                file_open
                0x00000000c000a20a                file_close
                0x00000000c000a249                file_write
                0x00000000c000aa1d                file_read
 .text          0x00000000c000adf6      0xf4e build/dir.o
                0x00000000c000adf6                open_root_dir
                0x00000000c000ae25                dir_open
                0x00000000c000ae60                search_dir_entry
                0x00000000c000b030                dir_close
                0x00000000c000b05c                create_dir_entry
                0x00000000c000b0d2                sync_dir_entry
                0x00000000c000b542                delete_dir_entry
                0x00000000c000ba44                dir_read
                0x00000000c000bc50                dir_is_empty
                0x00000000c000bc7b                dir_remove
 .text          0x00000000c000bd44      0x548 build/fork.o
                0x00000000c000c156                sys_fork
 .text          0x00000000c000c28c      0x7b1 build/shell.o
                0x00000000c000c28c                print_prompt
                0x00000000c000c79e                my_shell
 .text          0x00000000c000ca3d       0x30 build/assert.o
                0x00000000c000ca3d                user_spin
 .text          0x00000000c000ca6d      0x895 build/buildin_cmd.o
                0x00000000c000cbf1                make_clear_abs_path
                0x00000000c000ccb4                buildin_pwd
                0x00000000c000cd0a                buildin_cd
                0x00000000c000cd8a                buildin_ls
                0x00000000c000d11e                buildin_ps
                0x00000000c000d13f                buildin_clear
                0x00000000c000d160                buildin_mkdir
                0x00000000c000d1e7                buildin_rmdir
                0x00000000c000d26e                buildin_rm
                0x00000000c000d2f5                buildin_help
 .text          0x00000000c000d302      0x37a build/exec.o
                0x00000000c000d5d4                sys_execv
 .text          0x00000000c000d67c      0x408 build/wait_exit.o
                0x00000000c000d916                sys_wait
                0x00000000c000d9cf                sys_exit
 .text          0x00000000c000da84      0x23e build/pipe.o
                0x00000000c000da84                is_pipe
                0x00000000c000dab7                sys_pipe
                0x00000000c000db77                pipe_read
                0x00000000c000dbef                pipe_write
                0x00000000c000dc7a                sys_fd_redirect
 *(.gnu.warning)

.fini
 *(SORT_NONE(.fini))
                [!provide]                        PROVIDE (__etext = .)
                [!provide]                        PROVIDE (_etext = .)
                [!provide]                        PROVIDE (etext = .)
                0x00000000c000e000                . = ALIGN (CONSTANT (MAXPAGESIZE))
                0x00000000c000e000                . = SEGMENT_START ("rodata-segment", (ALIGN (CONSTANT (MAXPAGESIZE)) + (. & (CONSTANT (MAXPAGESIZE) - 0x1))))

.rodata         0x00000000c000e000     0x29c0
 *(.rodata .rodata.* .gnu.linkonce.r.*)
 .rodata        0x00000000c000e000       0xb9 build/main.o
 .rodata        0x00000000c000e0b9        0xa build/init.o
 *fill*         0x00000000c000e0c3        0x1 
 .rodata        0x00000000c000e0c4      0x2d5 build/interrupt.o
 *fill*         0x00000000c000e399        0x3 
 .rodata        0x00000000c000e39c       0x87 build/timer.o
 .rodata        0x00000000c000e423       0x3b build/debug.o
 *fill*         0x00000000c000e45e        0x2 
 .rodata        0x00000000c000e460      0x3c4 build/memory.o
 .rodata        0x00000000c000e824       0x68 build/bitmap.o
 .rodata        0x00000000c000e88c       0xb9 build/string.o
 *fill*         0x00000000c000e945        0x3 
 .rodata        0x00000000c000e948      0x3ca build/thread.o
 *fill*         0x00000000c000ed12        0x2 
 .rodata        0x00000000c000ed14      0x12b build/sync.o
 .rodata        0x00000000c000ee3f       0x38 build/keyboard.o
 *fill*         0x00000000c000ee77        0x1 
 .rodata        0x00000000c000ee78       0x9d build/ioqueue.o
 .rodata        0x00000000c000ef15       0x28 build/tss.o
 *fill*         0x00000000c000ef3d        0x3 
 .rodata        0x00000000c000ef40       0xdd build/process.o
 .rodata        0x00000000c000f01d       0x27 build/syscall-init.o
 .rodata        0x00000000c000f044      0x205 build/ide.o
 *fill*         0x00000000c000f249        0x3 
 .rodata        0x00000000c000f24c      0xa0a build/fs.o
 *fill*         0x00000000c000fc56        0x2 
 .rodata        0x00000000c000fc58       0xbb build/inode.o
 *fill*         0x00000000c000fd13        0x1 
 .rodata        0x00000000c000fd14      0x41c build/file.o
 .rodata        0x00000000c0010130      0x203 build/dir.o
 *fill*         0x00000000c0010333        0x1 
 .rodata        0x00000000c0010334      0x142 build/fork.o
 *fill*         0x00000000c0010476        0x2 
 .rodata        0x00000000c0010478      0x1ab build/shell.o
 *fill*         0x00000000c0010623        0x1 
 .rodata        0x00000000c0010624       0x32 build/assert.o
 *fill*         0x00000000c0010656        0x2 
 .rodata        0x00000000c0010658      0x2fe build/buildin_cmd.o
 .rodata        0x00000000c0010956       0x1f build/exec.o
 *fill*         0x00000000c0010975        0x3 
 .rodata        0x00000000c0010978       0x48 build/wait_exit.o

.rodata1
 *(.rodata1)

.eh_frame_hdr
 *(.eh_frame_hdr)
 *(.eh_frame_entry .eh_frame_entry.*)

.eh_frame
 *(.eh_frame)
 *(.eh_frame.*)

.gcc_except_table
 *(.gcc_except_table .gcc_except_table.*)

.gnu_extab
 *(.gnu_extab*)

.exception_ranges
 *(.exception_ranges*)
                0x00000000c0011000                . = DATA_SEGMENT_ALIGN (CONSTANT (MAXPAGESIZE), CONSTANT (COMMONPAGESIZE))

.eh_frame
 *(.eh_frame)
 *(.eh_frame.*)

.gnu_extab
 *(.gnu_extab)

.gcc_except_table
 *(.gcc_except_table .gcc_except_table.*)

.exception_ranges
 *(.exception_ranges*)

.tdata          0x00000000c0011000        0x0
                [!provide]                        PROVIDE (__tdata_start = .)
 *(.tdata .tdata.* .gnu.linkonce.td.*)

.tbss
 *(.tbss .tbss.* .gnu.linkonce.tb.*)
 *(.tcommon)

.preinit_array  0x00000000c0011000        0x0
                [!provide]                        PROVIDE (__preinit_array_start = .)
 *(.preinit_array)
                [!provide]                        PROVIDE (__preinit_array_end = .)

.init_array     0x00000000c0011000        0x0
                [!provide]                        PROVIDE (__init_array_start = .)
 *(SORT_BY_INIT_PRIORITY(.init_array.*) SORT_BY_INIT_PRIORITY(.ctors.*))
 *(.init_array EXCLUDE_FILE(*crtend?.o *crtend.o *crtbegin?.o *crtbegin.o) .ctors)
                [!provide]                        PROVIDE (__init_array_end = .)

.fini_array     0x00000000c0011000        0x0
                [!provide]                        PROVIDE (__fini_array_start = .)
 *(SORT_BY_INIT_PRIORITY(.fini_array.*) SORT_BY_INIT_PRIORITY(.dtors.*))
 *(.fini_array EXCLUDE_FILE(*crtend?.o *crtend.o *crtbegin?.o *crtbegin.o) .dtors)
                [!provide]                        PROVIDE (__fini_array_end = .)

.ctors
 *crtbegin.o(.ctors)
 *crtbegin?.o(.ctors)
 *(EXCLUDE_FILE(*crtend?.o *crtend.o) .ctors)
 *(SORT_BY_NAME(.ctors.*))
 *(.ctors)

.dtors
 *crtbegin.o(.dtors)
 *crtbegin?.o(.dtors)
 *(EXCLUDE_FILE(*crtend?.o *crtend.o) .dtors)
 *(SORT_BY_NAME(.dtors.*))
 *(.dtors)

.jcr
 *(.jcr)

.data.rel.ro
 *(.data.rel.ro.local* .gnu.linkonce.d.rel.ro.local.*)
 *(.data.rel.ro .data.rel.ro.* .gnu.linkonce.d.rel.ro.*)

.dynamic
 *(.dynamic)

.got            0x00000000c0011000        0x0
 *(.got)
 .got           0x00000000c0011000        0x0 build/main.o
 *(.igot)
                0x00000000c0011000                . = DATA_SEGMENT_RELRO_END (., (SIZEOF (.got.plt) >= 0xc)?0xc:0x0)

.got.plt        0x00000000c0011000        0x0
 *(.got.plt)
 .got.plt       0x00000000c0011000        0x0 build/main.o
 *(.igot.plt)
 .igot.plt      0x00000000c0011000        0x0 build/main.o

.data           0x00000000c0011000      0x15c
 *(.data .data.* .gnu.linkonce.d.*)
 .data          0x00000000c0011000        0x0 build/main.o
 .data          0x00000000c0011000        0x0 build/init.o
 .data          0x00000000c0011000        0x0 build/interrupt.o
 .data          0x00000000c0011000        0x0 build/timer.o
 .data          0x00000000c0011000       0xd2 build/kernel.o
                0x00000000c0011012                intr_entry_table
 *fill*         0x00000000c00110d2        0x2 
 .data          0x00000000c00110d4        0x8 build/print.o
 .data          0x00000000c00110dc        0x0 build/debug.o
 .data          0x00000000c00110dc        0x0 build/memory.o
 .data          0x00000000c00110dc        0x0 build/bitmap.o
 .data          0x00000000c00110dc        0x0 build/string.o
 .data          0x00000000c00110dc        0x0 build/thread.o
 .data          0x00000000c00110dc        0x0 build/list.o
 .data          0x00000000c00110dc        0x0 build/console.o
 .data          0x00000000c00110dc        0x0 build/sync.o
 *fill*         0x00000000c00110dc        0x4 
 .data          0x00000000c00110e0       0x76 build/keyboard.o
 .data          0x00000000c0011156        0x0 build/ioqueue.o
 .data          0x00000000c0011156        0x0 build/tss.o
 .data          0x00000000c0011156        0x0 build/process.o
 .data          0x00000000c0011156        0x0 build/syscall.o
 .data          0x00000000c0011156        0x0 build/syscall-init.o
 .data          0x00000000c0011156        0x0 build/stdio.o
 .data          0x00000000c0011156        0x0 build/ide.o
 .data          0x00000000c0011156        0x0 build/stdio-kernel.o
 .data          0x00000000c0011156        0x0 build/fs.o
 .data          0x00000000c0011156        0x0 build/inode.o
 .data          0x00000000c0011156        0x0 build/file.o
 .data          0x00000000c0011156        0x0 build/dir.o
 .data          0x00000000c0011156        0x0 build/fork.o
 *fill*         0x00000000c0011156        0x2 
 .data          0x00000000c0011158        0x4 build/shell.o
                0x00000000c0011158                argc
 .data          0x00000000c001115c        0x0 build/assert.o
 .data          0x00000000c001115c        0x0 build/buildin_cmd.o
 .data          0x00000000c001115c        0x0 build/exec.o
 .data          0x00000000c001115c        0x0 build/wait_exit.o
 .data          0x00000000c001115c        0x0 build/pipe.o

.data1
 *(.data1)
                0x00000000c001115c                _edata = .
                [!provide]                        PROVIDE (edata = .)
                0x00000000c001115c                . = .
                0x00000000c001115c                __bss_start = .

.bss            0x00000000c0011160     0x2960
 *(.dynbss)
 *(.bss .bss.* .gnu.linkonce.b.*)
 .bss           0x00000000c0011160        0x0 build/main.o
 .bss           0x00000000c0011160        0x0 build/init.o
 .bss           0x00000000c0011160      0x408 build/interrupt.o
 .bss           0x00000000c0011568        0x0 build/timer.o
 .bss           0x00000000c0011568        0x0 build/debug.o
 .bss           0x00000000c0011568        0x0 build/memory.o
 .bss           0x00000000c0011568        0x0 build/bitmap.o
 .bss           0x00000000c0011568        0x0 build/string.o
 *fill*         0x00000000c0011568       0x18 
 .bss           0x00000000c0011580       0x84 build/thread.o
                0x00000000c0011580                pid_bitmap_bits
 .bss           0x00000000c0011604        0x0 build/list.o
 .bss           0x00000000c0011604       0x1c build/console.o
 .bss           0x00000000c0011620        0x0 build/sync.o
 .bss           0x00000000c0011620       0x14 build/keyboard.o
 .bss           0x00000000c0011634        0x0 build/ioqueue.o
 *fill*         0x00000000c0011634        0xc 
 .bss           0x00000000c0011640       0x6c build/tss.o
 .bss           0x00000000c00116ac        0x0 build/process.o
 .bss           0x00000000c00116ac        0x0 build/syscall.o
 .bss           0x00000000c00116ac        0x0 build/syscall-init.o
 .bss           0x00000000c00116ac        0x0 build/stdio.o
 .bss           0x00000000c00116ac        0x6 build/ide.o
                0x00000000c00116ac                ext_lba_base
                0x00000000c00116b0                p_no
                0x00000000c00116b1                l_no
 .bss           0x00000000c00116b2        0x0 build/stdio-kernel.o
 .bss           0x00000000c00116b2        0x0 build/fs.o
 .bss           0x00000000c00116b2        0x0 build/inode.o
 .bss           0x00000000c00116b2        0x0 build/file.o
 .bss           0x00000000c00116b2        0x0 build/dir.o
 .bss           0x00000000c00116b2        0x0 build/fork.o
 *fill*         0x00000000c00116b2        0xe 
 .bss           0x00000000c00116c0      0x280 build/shell.o
                0x00000000c00116c0                cwd_cache
 .bss           0x00000000c0011940        0x0 build/assert.o
 .bss           0x00000000c0011940        0x0 build/buildin_cmd.o
 .bss           0x00000000c0011940        0x0 build/exec.o
 .bss           0x00000000c0011940        0x0 build/wait_exit.o
 .bss           0x00000000c0011940        0x0 build/pipe.o
 *(COMMON)
 COMMON         0x00000000c0011940      0x424 build/interrupt.o
                0x00000000c0011940                intr_name
                0x00000000c0011b60                idt_table
 COMMON         0x00000000c0011d64        0x4 build/timer.o
                0x00000000c0011d64                ticks
 *fill*         0x00000000c0011d68       0x18 
 COMMON         0x00000000c0011d80      0x12c build/memory.o
                0x00000000c0011d80                user_pool
                0x00000000c0011dc0                k_block_descs
                0x00000000c0011e68                kernel_vaddr
                0x00000000c0011e80                kernel_pool
 *fill*         0x00000000c0011eac       0x14 
 COMMON         0x00000000c0011ec0       0x50 build/thread.o
                0x00000000c0011ec0                pid_pool
                0x00000000c0011ee8                thread_ready_list
                0x00000000c0011ef8                thread_all_list
                0x00000000c0011f08                idle_thread
                0x00000000c0011f0c                main_thread
 *fill*         0x00000000c0011f10       0x10 
 COMMON         0x00000000c0011f20      0x82c build/keyboard.o
                0x00000000c0011f20                kbd_buf
 *fill*         0x00000000c001274c       0x14 
 COMMON         0x00000000c0012760       0x80 build/syscall-init.o
                0x00000000c0012760                syscall_table
 COMMON         0x00000000c00127e0      0xcf0 build/ide.o
                0x00000000c00127e0                channel_cnt
                0x00000000c0012800                channels
                0x00000000c00134c0                partition_list
 COMMON         0x00000000c00134d0        0x4 build/fs.o
                0x00000000c00134d0                cur_part
 *fill*         0x00000000c00134d4        0xc 
 COMMON         0x00000000c00134e0      0x180 build/file.o
                0x00000000c00134e0                file_table
 COMMON         0x00000000c0013660      0x208 build/dir.o
                0x00000000c0013660                root_dir
 *fill*         0x00000000c0013868       0x18 
 COMMON         0x00000000c0013880      0x240 build/shell.o
                0x00000000c0013880                argv
                0x00000000c00138c0                final_path
                0x00000000c0013ac0                . = ALIGN ((. != 0x0)?0x4:0x1)
                0x00000000c0013ac0                . = ALIGN (0x4)
                0x00000000c0013ac0                . = SEGMENT_START ("ldata-segment", .)
                0x00000000c0013ac0                . = ALIGN (0x4)
                0x00000000c0013ac0                _end = .
                [!provide]                        PROVIDE (end = .)
                0x00000000c0013ac0                . = DATA_SEGMENT_END (.)

.stab
 *(.stab)

.stabstr
 *(.stabstr)

.stab.excl
 *(.stab.excl)

.stab.exclstr
 *(.stab.exclstr)

.stab.index
 *(.stab.index)

.stab.indexstr
 *(.stab.indexstr)

.comment        0x0000000000000000       0x2a
 *(.comment)
 .comment       0x0000000000000000       0x2a build/main.o
                                         0x2b (size before relaxing)
 .comment       0x000000000000002a       0x2b build/init.o
 .comment       0x000000000000002a       0x2b build/interrupt.o
 .comment       0x000000000000002a       0x2b build/timer.o
 .comment       0x000000000000002a       0x2b build/debug.o
 .comment       0x000000000000002a       0x2b build/memory.o
 .comment       0x000000000000002a       0x2b build/bitmap.o
 .comment       0x000000000000002a       0x2b build/string.o
 .comment       0x000000000000002a       0x2b build/thread.o
 .comment       0x000000000000002a       0x2b build/list.o
 .comment       0x000000000000002a       0x2b build/console.o
 .comment       0x000000000000002a       0x2b build/sync.o
 .comment       0x000000000000002a       0x2b build/keyboard.o
 .comment       0x000000000000002a       0x2b build/ioqueue.o
 .comment       0x000000000000002a       0x2b build/tss.o
 .comment       0x000000000000002a       0x2b build/process.o
 .comment       0x000000000000002a       0x2b build/syscall.o
 .comment       0x000000000000002a       0x2b build/syscall-init.o
 .comment       0x000000000000002a       0x2b build/stdio.o
 .comment       0x000000000000002a       0x2b build/ide.o
 .comment       0x000000000000002a       0x2b build/stdio-kernel.o
 .comment       0x000000000000002a       0x2b build/fs.o
 .comment       0x000000000000002a       0x2b build/inode.o
 .comment       0x000000000000002a       0x2b build/file.o
 .comment       0x000000000000002a       0x2b build/dir.o
 .comment       0x000000000000002a       0x2b build/fork.o
 .comment       0x000000000000002a       0x2b build/shell.o
 .comment       0x000000000000002a       0x2b build/assert.o
 .comment       0x000000000000002a       0x2b build/buildin_cmd.o
 .comment       0x000000000000002a       0x2b build/exec.o
 .comment       0x000000000000002a       0x2b build/wait_exit.o
 .comment       0x000000000000002a       0x2b build/pipe.o

.gnu.build.attributes
 *(.gnu.build.attributes .gnu.build.attributes.*)

.debug
 *(.debug)

.line
 *(.line)

.debug_srcinfo
 *(.debug_srcinfo)

.debug_sfnames
 *(.debug_sfnames)

.debug_aranges
 *(.debug_aranges)

.debug_pubnames
 *(.debug_pubnames)

.debug_info
 *(.debug_info .gnu.linkonce.wi.*)

.debug_abbrev
 *(.debug_abbrev)

.debug_line
 *(.debug_line .debug_line.* .debug_line_end)

.debug_frame
 *(.debug_frame)

.debug_str
 *(.debug_str)

.debug_loc
 *(.debug_loc)

.debug_macinfo
 *(.debug_macinfo)

.debug_weaknames
 *(.debug_weaknames)

.debug_funcnames
 *(.debug_funcnames)

.debug_typenames
 *(.debug_typenames)

.debug_varnames
 *(.debug_varnames)

.debug_pubtypes
 *(.debug_pubtypes)

.debug_ranges
 *(.debug_ranges)

.debug_macro
 *(.debug_macro)

.debug_addr
 *(.debug_addr)

.gnu.attributes
 *(.gnu.attributes)

/DISCARD/
 *(.note.GNU-stack)
 *(.gnu_debuglink)
 *(.gnu.lto_*)
OUTPUT(build/kernel.bin elf32-i386)
